[html.topylo.com/musicly-prev/musicly/index.html]
[backblue.gif]
[fade.gif]
[index.html]
[html.topylo.com/musicly-prev/musicly/assets/img/favicon.svg]
[html.topylo.com/musicly-prev/musicly/assets/app/css/bootstrap.min.css]
[html.topylo.com/musicly-prev/musicly/assets/app/css/meanmenu.min.css]
[html.topylo.com/musicly-prev/musicly/assets/app/css/nice-select.css]
[html.topylo.com/musicly-prev/musicly/assets/app/css/swiper-bundle.min.css]
[html.topylo.com/musicly-prev/musicly/assets/app/css/slick.css]
[html.topylo.com/musicly-prev/musicly/assets/app/css/jquery-ui.min.css]
[html.topylo.com/musicly-prev/musicly/assets/app/css/backtotop.css]
[html.topylo.com/musicly-prev/musicly/assets/app/css/magnific-popup.css]
[html.topylo.com/musicly-prev/musicly/assets/app/css/flaticon_musicly.css]
[html.topylo.com/musicly-prev/musicly/assets/app/css/fontawesome-pro.css]
[html.topylo.com/musicly-prev/musicly/assets/app/css/spacing.css]
[html.topylo.com/musicly-prev/musicly/assets/app/css/main.css]
[html.topylo.com/musicly-prev/musicly/assets/img/logo/logo.svg]
[html.topylo.com/musicly-prev/musicly/services.html]
[html.topylo.com/musicly-prev/musicly/genres.html]
[html.topylo.com/musicly-prev/musicly/assets/img/genres/genres-01.jpg]
[html.topylo.com/musicly-prev/musicly/assets/img/genres/genres-02.jpg]
[html.topylo.com/musicly-prev/musicly/assets/img/genres/genres-03.jpg]
[html.topylo.com/musicly-prev/musicly/assets/img/genres/genres-04.jpg]
[html.topylo.com/musicly-prev/musicly/assets/img/genres/genres-05.jpg]
[html.topylo.com/musicly-prev/musicly/index-2.html]
[html.topylo.com/musicly-prev/musicly/index-3.html]
[html.topylo.com/musicly-prev/musicly/index-rtl.html]
[html.topylo.com/musicly-prev/musicly/index-2-rtl.html]
[html.topylo.com/musicly-prev/musicly/index-3-rtl.html]
[html.topylo.com/musicly-prev/musicly/about.html]
[html.topylo.com/musicly-prev/musicly/work-system.html]
[html.topylo.com/musicly-prev/musicly/genres-details.html]
[html.topylo.com/musicly-prev/musicly/team.html]
[html.topylo.com/musicly-prev/musicly/team-details.html]
[html.topylo.com/musicly-prev/musicly/enquiry-list.html]
[html.topylo.com/musicly-prev/musicly/faq.html]
[html.topylo.com/musicly-prev/musicly/event.html]
[html.topylo.com/musicly-prev/musicly/event-details.html]
[html.topylo.com/musicly-prev/musicly/ideas-advice.html]
[html.topylo.com/musicly-prev/musicly/ideas-advice-details.html]
[html.topylo.com/musicly-prev/musicly/news.html]
[html.topylo.com/musicly-prev/musicly/news-details.html]
[html.topylo.com/musicly-prev/musicly/join.html]
[html.topylo.com/musicly-prev/musicly/shop.html]
[html.topylo.com/musicly-prev/musicly/shop-details.html]
[html.topylo.com/musicly-prev/musicly/cart.html]
[html.topylo.com/musicly-prev/musicly/wishlist.html]
[html.topylo.com/musicly-prev/musicly/login.html]
[html.topylo.com/musicly-prev/musicly/signup.html]
[html.topylo.com/musicly-prev/musicly/contact.html]
[html.topylo.com/musicly-prev/musicly/assets/img/brand-song/01.png]
[html.topylo.com/musicly-prev/musicly/assets/img/brand-song/02.png]
[html.topylo.com/musicly-prev/musicly/assets/img/brand-song/03.png]
[html.topylo.com/musicly-prev/musicly/assets/img/brand-song/04.png]
[html.topylo.com/musicly-prev/musicly/assets/img/brand-song/05.png]
[html.topylo.com/musicly-prev/musicly/assets/img/brand-song/06.png]
[html.topylo.com/musicly-prev/musicly/assets/img/brand-song/07.png]
[html.topylo.com/musicly-prev/musicly/assets/img/banner/banner-thumb-01.jpg]
[html.topylo.com/musicly-prev/musicly/assets/img/banner/title-bg.jpg]
[html.topylo.com/musicly-prev/musicly/assets/img/bg/text-scroll-bg.png]
[html.topylo.com/musicly-prev/musicly/assets/img/popular/popular-01.png]
[html.topylo.com/musicly-prev/musicly/assets/img/popular/popular-02.png]
[html.topylo.com/musicly-prev/musicly/assets/img/popular/popular-03.png]
[html.topylo.com/musicly-prev/musicly/assets/img/popular/popular-04.png]
[html.topylo.com/musicly-prev/musicly/assets/img/work/vactoe-shape.png]
[html.topylo.com/musicly-prev/musicly/assets/img/work/work-thumb-01.png]
[html.topylo.com/musicly-prev/musicly/assets/img/work/work-thumb-02.png]
[html.topylo.com/musicly-prev/musicly/assets/img/work/work-thumb-03.png]
[html.topylo.com/musicly-prev/musicly/assets/img/work/star.png]
[html.topylo.com/musicly-prev/musicly/assets/img/work/arrow.png]
[html.topylo.com/musicly-prev/musicly/assets/img/trending/01.jpg]
[html.topylo.com/musicly-prev/musicly/assets/img/trending/02.jpg]
[html.topylo.com/musicly-prev/musicly/assets/img/trending/03.jpg]
[html.topylo.com/musicly-prev/musicly/assets/img/trending/04.jpg]
[html.topylo.com/musicly-prev/musicly/assets/img/trending/05.jpg]
[html.topylo.com/musicly-prev/musicly/assets/img/trending/06.jpg]
[html.topylo.com/musicly-prev/musicly/assets/img/function-brand/function-brand-01.png]
[html.topylo.com/musicly-prev/musicly/assets/img/function-brand/function-brand-02.png]
[html.topylo.com/musicly-prev/musicly/assets/img/function-brand/function-brand-03.png]
[html.topylo.com/musicly-prev/musicly/assets/img/function-brand/function-brand-04.png]
[html.topylo.com/musicly-prev/musicly/assets/img/function-brand/function-brand-05.png]
[html.topylo.com/musicly-prev/musicly/assets/img/function-brand/function-brand-06.png]
[html.topylo.com/musicly-prev/musicly/assets/img/function-brand/function-brand-07.png]
[html.topylo.com/musicly-prev/musicly/assets/img/function-brand/function-brand-08.png]
[html.topylo.com/musicly-prev/musicly/assets/img/event/event-testimonial-bg.png]
[html.topylo.com/musicly-prev/musicly/assets/img/event/event-bg-2.png]
[html.topylo.com/musicly-prev/musicly/assets/img/testimonial/testimonial-signature.png]
[html.topylo.com/musicly-prev/musicly/assets/img/testimonial/testimonial-05.png]
[html.topylo.com/musicly-prev/musicly/assets/img/testimonial/testimonial-01.jpg]
[html.topylo.com/musicly-prev/musicly/assets/img/testimonial/testimonial-02.jpg]
[html.topylo.com/musicly-prev/musicly/assets/img/testimonial/testimonial-03.jpg]
[html.topylo.com/musicly-prev/musicly/assets/img/testimonial/testimonial-04.jpg]
[html.topylo.com/musicly-prev/musicly/assets/img/news/news-01.png]
[html.topylo.com/musicly-prev/musicly/assets/img/news/news-02.png]
[html.topylo.com/musicly-prev/musicly/assets/img/news/news-03.png]
[html.topylo.com/musicly-prev/musicly/assets/img/partner/partner-01.png]
[html.topylo.com/musicly-prev/musicly/assets/img/partner/partner-02.png]
[html.topylo.com/musicly-prev/musicly/assets/img/partner/partner-03.png]
[html.topylo.com/musicly-prev/musicly/assets/img/partner/partner-04.png]
[html.topylo.com/musicly-prev/musicly/assets/img/partner/partner-05.png]
[html.topylo.com/musicly-prev/musicly/assets/img/cta/cta-bg.png]
[html.topylo.com/musicly-prev/musicly/assets/img/cta/cta-01.png]
[html.topylo.com/musicly-prev/musicly/assets/img/cta/app-store.png]
[html.topylo.com/musicly-prev/musicly/assets/img/cta/play-store.png]
[html.topylo.com/musicly-prev/musicly/assets/img/bg/sound-bg.png]
[html.topylo.com/musicly-prev/musicly/assets/img/logo/footer-logo.png]
[html.topylo.com/cdn-cgi/scripts/5c5dd728/cloudflare-static/email-decode.min.js]
[html.topylo.com/musicly-prev/musicly/assets/app/js/jquery-3.6.0.min.js]
[html.topylo.com/musicly-prev/musicly/assets/app/js/waypoints.min.js]
[html.topylo.com/musicly-prev/musicly/assets/app/js/bootstrap.bundle.min.js]
[html.topylo.com/musicly-prev/musicly/assets/app/js/nice-select.min.js]
[html.topylo.com/musicly-prev/musicly/assets/app/js/meanmenu.min.js]
[html.topylo.com/musicly-prev/musicly/assets/app/js/swiper-bundle.min.js]
[html.topylo.com/musicly-prev/musicly/assets/app/js/slick.min.js]
[html.topylo.com/musicly-prev/musicly/assets/app/js/magnific-popup.min.js]
[html.topylo.com/musicly-prev/musicly/assets/app/js/backtotop.js]
[html.topylo.com/musicly-prev/musicly/assets/app/js/ajax-form.js]
[html.topylo.com/musicly-prev/musicly/assets/app/js/gsap.min.js]
[html.topylo.com/musicly-prev/musicly/assets/app/js/jquery-ui.min.js]
[html.topylo.com/musicly-prev/musicly/assets/app/js/ScrollToPlugin.min.js]
[html.topylo.com/musicly-prev/musicly/assets/app/js/SplitText.min.js]
[html.topylo.com/musicly-prev/musicly/assets/app/js/ScrollTrigger.min.js]
[html.topylo.com/musicly-prev/musicly/assets/app/js/jquery.jplayer.min.js]
[html.topylo.com/musicly-prev/musicly/assets/app/js/jplayer.playlist.js]
[html.topylo.com/musicly-prev/musicly/assets/app/js/settings.js]
[html.topylo.com/musicly-prev/musicly/index.html]
[html.topylo.com/musicly-prev/musicly/assets/img/favicon.svg]
[html.topylo.com/musicly-prev/musicly/assets/app/css/bootstrap.min.css]
[html.topylo.com/musicly-prev/musicly/assets/app/css/meanmenu.min.css]
[html.topylo.com/musicly-prev/musicly/assets/app/css/nice-select.css]
[html.topylo.com/musicly-prev/musicly/assets/app/css/swiper-bundle.min.css]
[html.topylo.com/musicly-prev/musicly/assets/app/css/slick.css]
[html.topylo.com/musicly-prev/musicly/assets/app/js/main.js]
[html.topylo.com/musicly-prev/musicly/assets/app/css/images/ui-icons_444444_256x240.png]
[html.topylo.com/musicly-prev/musicly/assets/app/css/images/ui-icons_555555_256x240.png]
[html.topylo.com/musicly-prev/musicly/assets/app/css/images/ui-icons_ffffff_256x240.png]
[html.topylo.com/musicly-prev/musicly/assets/app/css/images/ui-icons_777620_256x240.png]
[html.topylo.com/musicly-prev/musicly/assets/app/css/images/ui-icons_cc0000_256x240.png]
[html.topylo.com/musicly-prev/musicly/assets/app/css/images/ui-icons_777777_256x240.png]
[html.topylo.com/musicly-prev/musicly/assets/app/css/jquery-ui.min.css]
[html.topylo.com/musicly-prev/musicly/assets/app/css/backtotop.css]
[html.topylo.com/musicly-prev/musicly/assets/app/css/magnific-popup.css]
[html.topylo.com/musicly-prev/musicly/assets/fonts/flaticon_musiclyb512.ttf]
[html.topylo.com/musicly-prev/musicly/assets/fonts/flaticon_musiclyb512.woff]
[html.topylo.com/musicly-prev/musicly/assets/fonts/flaticon_musiclyb512.woff2]
[html.topylo.com/musicly-prev/musicly/assets/fonts/flaticon_musiclyb512.eot]
[html.topylo.com/musicly-prev/musicly/assets/fonts/flaticon_musiclyb512.svg]
[html.topylo.com/musicly-prev/musicly/assets/app/css/flaticon_musicly.css]
[html.topylo.com/musicly-prev/musicly/assets/fonts/fa-brands-400.woff2]
[html.topylo.com/musicly-prev/musicly/assets/fonts/fa-brands-400.ttf]
[html.topylo.com/musicly-prev/musicly/assets/fonts/fa-duotone-900.woff2]
[html.topylo.com/musicly-prev/musicly/assets/fonts/fa-duotone-900.ttf]
[html.topylo.com/musicly-prev/musicly/assets/fonts/fa-light-300.woff2]
[html.topylo.com/musicly-prev/musicly/assets/fonts/fa-light-300.ttf]
[html.topylo.com/musicly-prev/musicly/assets/fonts/fa-regular-400.woff2]
[html.topylo.com/musicly-prev/musicly/assets/fonts/fa-regular-400.ttf]
[html.topylo.com/musicly-prev/musicly/assets/fonts/fa-solid-900.woff2]
[html.topylo.com/musicly-prev/musicly/assets/fonts/fa-solid-900.ttf]
[html.topylo.com/musicly-prev/musicly/assets/fonts/fa-thin-100.woff2]
[html.topylo.com/musicly-prev/musicly/assets/fonts/fa-thin-100.ttf]
[html.topylo.com/musicly-prev/musicly/assets/fonts/fa-v4compatibility.woff2]
[html.topylo.com/musicly-prev/musicly/assets/fonts/fa-v4compatibility.ttf]
[html.topylo.com/musicly-prev/musicly/assets/app/css/fontawesome-pro.css]
[html.topylo.com/musicly-prev/musicly/assets/app/css/spacing.css]
[html.topylo.com/musicly-prev/musicly/assets/img/popular/drak.png]
[html.topylo.com/musicly-prev/musicly/assets/app/css/main.css]
[html.topylo.com/musicly-prev/musicly/assets/img/logo/logo.svg]
[html.topylo.com/musicly-prev/musicly/services.html]
[html.topylo.com/musicly-prev/musicly/assets/img/genres/genres-bg.jpg]
[html.topylo.com/musicly-prev/musicly/assets/img/genres/genres-06.jpg]
[html.topylo.com/musicly-prev/musicly/assets/img/genres/genres-07.jpg]
[html.topylo.com/musicly-prev/musicly/assets/img/genres/genres-08.jpg]
[html.topylo.com/musicly-prev/musicly/assets/img/genres/genres-09.jpg]
[html.topylo.com/musicly-prev/musicly/assets/img/genres/genres-10.jpg]
[html.topylo.com/musicly-prev/musicly/assets/img/bg/footer-bg.png]
[html.topylo.com/musicly-prev/musicly/assets/img/logo/footer3-logo.png]
[html.topylo.com/musicly-prev/musicly/assets/img/footer/start-01.png]
[html.topylo.com/musicly-prev/musicly/genres.html]
[html.topylo.com/musicly-prev/musicly/assets/img/header/singer.png]
[html.topylo.com/musicly-prev/musicly/assets/img/banner/banner-thumb-02.jpg]
[html.topylo.com/musicly-prev/musicly/assets/img/banner/banner-thumb-03.png]
[html.topylo.com/musicly-prev/musicly/assets/img/banner/banner-border.png]
[html.topylo.com/musicly-prev/musicly/assets/img/work/vector-shape-2.png]
[html.topylo.com/musicly-prev/musicly/assets/img/work/work-thumb-04.png]
[html.topylo.com/musicly-prev/musicly/assets/img/trending/tranding-bg.png]
[html.topylo.com/musicly-prev/musicly/assets/img/trending/07.jpg]
[html.topylo.com/musicly-prev/musicly/assets/img/trending/trending-shape.png]
[html.topylo.com/musicly-prev/musicly/assets/img/trending/08.jpg]
[html.topylo.com/musicly-prev/musicly/assets/img/trending/10.jpg]
[html.topylo.com/musicly-prev/musicly/assets/img/trending/11.jpg]
[html.topylo.com/musicly-prev/musicly/assets/img/cta/amazonmusic.png]
[html.topylo.com/musicly-prev/musicly/assets/img/bg/app-cricle-bg.png]
[html.topylo.com/musicly-prev/musicly/assets/img/event/event-bg-3.png]
[html.topylo.com/musicly-prev/musicly/assets/img/testimonial/testimonial-line.png]
[html.topylo.com/musicly-prev/musicly/assets/img/testimonial/testimonial-07.png]
[html.topylo.com/musicly-prev/musicly/assets/img/testimonial/testimonial-08.png]
[html.topylo.com/musicly-prev/musicly/assets/img/testimonial/testimonial-09.png]
[html.topylo.com/musicly-prev/musicly/assets/img/testimonial/testimonial-10.png]
[html.topylo.com/musicly-prev/musicly/assets/img/testimonial/testimonial-11.png]
[html.topylo.com/musicly-prev/musicly/assets/img/testimonial/testimonial-12.png]
[html.topylo.com/musicly-prev/musicly/assets/img/testimonial/testimonial-06.png]
[html.topylo.com/musicly-prev/musicly/assets/img/bg/work-bg.jpg]
[html.topylo.com/musicly-prev/musicly/index-2.html]
[html.topylo.com/musicly-prev/musicly/assets/img/header/menu-dot.png]
[html.topylo.com/musicly-prev/musicly/assets/img/banner/banner-thumb-04.png]
[html.topylo.com/musicly-prev/musicly/assets/img/banner/banner-thumb-05.png]
[html.topylo.com/musicly-prev/musicly/assets/img/banner/banner-round-shape.png]
[html.topylo.com/musicly-prev/musicly/assets/img/banner/banner-thumb-06.png]
[html.topylo.com/musicly-prev/musicly/assets/img/work/work-thumb-05.jpg]
[html.topylo.com/musicly-prev/musicly/index-3.html]
[html.topylo.com/musicly-prev/musicly/index-rtl.html]
[html.topylo.com/musicly-prev/musicly/index-2-rtl.html]
[html.topylo.com/musicly-prev/musicly/index-3-rtl.html]
[html.topylo.com/musicly-prev/musicly/assets/app/css/bootstrap.rtl.min.css]
[html.topylo.com/musicly-prev/musicly/assets/img/about/about3.jpg]
[html.topylo.com/musicly-prev/musicly/assets/img/about/about1.png]
[html.topylo.com/musicly-prev/musicly/assets/img/about/about2.png]
[html.topylo.com/musicly-prev/musicly/assets/img/choose/choose-bg.png]
[html.topylo.com/musicly-prev/musicly/assets/img/work/work-thumb-06.png]
[html.topylo.com/musicly-prev/musicly/assets/img/team/team-01.jpg]
[html.topylo.com/musicly-prev/musicly/assets/img/team/team-02.jpg]
[html.topylo.com/musicly-prev/musicly/assets/img/team/team-03.jpg]
[html.topylo.com/musicly-prev/musicly/assets/img/team/team-04.jpg]
[html.topylo.com/musicly-prev/musicly/assets/img/team/team-05.jpg]
[html.topylo.com/musicly-prev/musicly/assets/img/team/team-06.jpg]
[html.topylo.com/musicly-prev/musicly/about.html]
[html.topylo.com/musicly-prev/musicly/work-system.html]
[html.topylo.com/musicly-prev/musicly/assets/img/genres/genres-shape.png]
[html.topylo.com/musicly-prev/musicly/assets/img/genres/genres-bg-2.jpg]
[html.topylo.com/musicly-prev/musicly/assets/img/genres/genres-bg-3.jpg]
[html.topylo.com/musicly-prev/musicly/assets/file/pdf/musicly-pdf-fle.pdf]
[html.topylo.com/musicly-prev/musicly/genres-details.html]
[html.topylo.com/musicly-prev/musicly/team.html]
[html.topylo.com/musicly-prev/musicly/team-details.html]
[html.topylo.com/musicly-prev/musicly/enquiry-list.html]
[html.topylo.com/musicly-prev/musicly/faq.html]
[html.topylo.com/musicly-prev/musicly/assets/img/event/event-bg-4.jpg]
[html.topylo.com/musicly-prev/musicly/assets/img/event/event-01.jpg]
[html.topylo.com/musicly-prev/musicly/assets/img/event/event-02.jpg]
[html.topylo.com/musicly-prev/musicly/assets/img/event/event-03.jpg]
[html.topylo.com/musicly-prev/musicly/event.html]
[html.topylo.com/musicly-prev/musicly/event-details.html]
[html.topylo.com/musicly-prev/musicly/assets/img/advice/adivce-01.jpg]
[html.topylo.com/musicly-prev/musicly/assets/img/advice/adivce-02.jpg]
[html.topylo.com/musicly-prev/musicly/assets/img/advice/adivce-03.jpg]
[html.topylo.com/musicly-prev/musicly/assets/img/advice/adivce-04.jpg]
[html.topylo.com/musicly-prev/musicly/assets/img/advice/adivce-05.jpg]
[html.topylo.com/musicly-prev/musicly/assets/img/advice/adivce-06.jpg]
[html.topylo.com/musicly-prev/musicly/ideas-advice.html]
[html.topylo.com/musicly-prev/musicly/assets/img/advice/adivce-bg-01.jpg]
[html.topylo.com/musicly-prev/musicly/ideas-advice-details.html]
[html.topylo.com/musicly-prev/musicly/assets/img/news/news-06.jpg]
[html.topylo.com/musicly-prev/musicly/assets/img/news/news-04.jpg]
[html.topylo.com/musicly-prev/musicly/assets/img/news/news-05.jpg]
[html.topylo.com/musicly-prev/musicly/assets/img/news/news-rc-01.jpg]
[html.topylo.com/musicly-prev/musicly/assets/img/news/news-rc-02.jpg]
[html.topylo.com/musicly-prev/musicly/assets/img/news/news-rc-03.jpg]
[html.topylo.com/musicly-prev/musicly/assets/img/news/news-rc-04.jpg]
[html.topylo.com/musicly-prev/musicly/assets/img/news/news-07.jpg]
[html.topylo.com/musicly-prev/musicly/assets/img/logo/white-logo.png]
[html.topylo.com/musicly-prev/musicly/news.html]
[html.topylo.com/musicly-prev/musicly/assets/img/news/author.png]
[html.topylo.com/musicly-prev/musicly/assets/img/news/author-02.png]
[html.topylo.com/musicly-prev/musicly/assets/img/news/author-03.png]
[html.topylo.com/musicly-prev/musicly/news-details.html]
[html.topylo.com/musicly-prev/musicly/join.html]
[html.topylo.com/musicly-prev/musicly/assets/img/shop/shop-page-title.jpg]
[html.topylo.com/musicly-prev/musicly/assets/img/shop/product-01.png]
[html.topylo.com/musicly-prev/musicly/assets/img/shop/product-02.png]
[html.topylo.com/musicly-prev/musicly/assets/img/shop/product-03.png]
[html.topylo.com/musicly-prev/musicly/assets/img/shop/product-04.png]
[html.topylo.com/musicly-prev/musicly/assets/img/shop/product-05.png]
[html.topylo.com/musicly-prev/musicly/assets/img/shop/product-06.png]
[html.topylo.com/musicly-prev/musicly/assets/img/shop/product-07.png]
[html.topylo.com/musicly-prev/musicly/assets/img/shop/product-09.png]
[html.topylo.com/musicly-prev/musicly/assets/img/shop/product-10.png]
[html.topylo.com/musicly-prev/musicly/assets/img/shop/product-11.png]
[html.topylo.com/musicly-prev/musicly/assets/img/shop/product-12.png]
[html.topylo.com/musicly-prev/musicly/shop.html]
[html.topylo.com/musicly-prev/musicly/shop-details.html]
[html.topylo.com/musicly-prev/musicly/cart.html]
[html.topylo.com/musicly-prev/musicly/wishlist.html]
[html.topylo.com/musicly-prev/musicly/login.html]
[html.topylo.com/musicly-prev/musicly/signup.html]
[html.topylo.com/musicly-prev/musicly/assets/img/bg/contact-bg.jpg]
[html.topylo.com/musicly-prev/musicly/assets/img/contact/flag-01.jpg]
[html.topylo.com/musicly-prev/musicly/assets/img/contact/flag-02.jpg]
[html.topylo.com/musicly-prev/musicly/assets/img/contact/flag-03.jpg]
[html.topylo.com/musicly-prev/musicly/contact.html]
[html.topylo.com/musicly-prev/musicly/assets/app/js/jquery-3.6.0.min.js]
[html.topylo.com/musicly-prev/musicly/assets/app/js/waypoints.min.js]
[html.topylo.com/musicly-prev/musicly/assets/app/js/bootstrap.bundle.min.js]
[html.topylo.com/musicly-prev/musicly/assets/app/js/nice-select.min.js]
[html.topylo.com/musicly-prev/musicly/assets/app/js/meanmenu.min.js]
[html.topylo.com/musicly-prev/musicly/e]
[html.topylo.com/musicly-prev/musicly/Version/index.html]
[html.topylo.com/musicly-prev/musicly/t.params.url]
[html.topylo.com/musicly-prev/musicly/assets/app/js/swiper-bundle.min.js]
[html.topylo.com/musicly-prev/musicly/assets/app/js/slick.min.js]
[html.topylo.com/musicly-prev/musicly/assets/app/js/magnific-popup.min.js]
[html.topylo.com/musicly-prev/musicly/assets/app/js/backtotop.js]
[html.topylo.com/musicly-prev/musicly/assets/app/js/ajax-form.js]
[html.topylo.com/musicly-prev/musicly/assets/app/js/jquery-ui.min.js]
[html.topylo.com/musicly-prev/musicly/assets/app/js/gsap.min.js]
[html.topylo.com/musicly-prev/musicly/assets/app/js/ScrollToPlugin.min.js]
[html.topylo.com/musicly-prev/musicly/assets/app/js/SplitText.min.js]
[html.topylo.com/musicly-prev/musicly/assets/app/js/ScrollTrigger.min.js]
[html.topylo.com/musicly-prev/musicly/assets/app/js/jquery.jplayer.min.js]
[html.topylo.com/musicly-prev/musicly/assets/app/js/jplayer.playlist.js]
[html.topylo.com/musicly-prev/musicly/assets/app/js/settings.js]
[html.topylo.com/musicly-prev/musicly/assets/app/js/main.js]
[html.topylo.com/musicly-prev/musicly/assets/app/css/images/ui-icons_444444_256x240.html]
[html.topylo.com/musicly-prev/musicly/assets/app/css/images/ui-icons_555555_256x240.html]
[html.topylo.com/musicly-prev/musicly/assets/app/css/images/ui-icons_ffffff_256x240.html]
[html.topylo.com/musicly-prev/musicly/assets/app/css/images/ui-icons_777620_256x240.html]
[html.topylo.com/musicly-prev/musicly/assets/app/css/images/ui-icons_cc0000_256x240.html]
[html.topylo.com/musicly-prev/musicly/assets/app/css/images/ui-icons_777777_256x240.html]
[html.topylo.com/musicly-prev/musicly/assets/fonts/flaticon_musiclyb512.html]
[html.topylo.com/musicly-prev/musicly/assets/fonts/fa-duotone-900.html]
[html.topylo.com/musicly-prev/musicly/assets/fonts/fa-duotone-901.html]
[html.topylo.com/musicly-prev/musicly/assets/app/css/bootstrap.rtl.min.css]
[html.topylo.com/musicly-prev/musicly/Version/index.html]
[html.topylo.com/musicly-prev/musicly/e.html]
[html.topylo.com/musicly-prev/musicly/t.params.html]
